06:51:23 **** Incremental Build of configuration Debug for project 001HelloWorld_semihosting ****
make -j4 all 
arm-none-eabi-gcc -mcpu=cortex-m4 -g3 -DDEBUG -c -x assembler-with-cpp -MMD -MP -MF"Startup/startup_stm32f401retx.d" -MT"Startup/startup_stm32f401retx.o" --specs=nano.specs -mfpu=fpv4-sp-d16 -mfloat-abi=hard -mthumb -o "Startup/startup_stm32f401retx.o" "../Startup/startup_stm32f401retx.s"
arm-none-eabi-gcc "../Src/main.c" -mcpu=cortex-m4 -std=gnu11 -g3 -DDEBUG -DNUCLEO_F401RE -DSTM32 -DSTM32F401RETx -DSTM32F4 -c -I../Inc -O0 -ffunction-sections -fdata-sections -Wall -fstack-usage -fcyclomatic-complexity -MMD -MP -MF"Src/main.d" -MT"Src/main.o" --specs=nano.specs -mfpu=fpv4-sp-d16 -mfloat-abi=hard -mthumb -o "Src/main.o"
arm-none-eabi-gcc "../Src/sysmem.c" -mcpu=cortex-m4 -std=gnu11 -g3 -DDEBUG -DNUCLEO_F401RE -DSTM32 -DSTM32F401RETx -DSTM32F4 -c -I../Inc -O0 -ffunction-sections -fdata-sections -Wall -fstack-usage -fcyclomatic-complexity -MMD -MP -MF"Src/sysmem.d" -MT"Src/sysmem.o" --specs=nano.specs -mfpu=fpv4-sp-d16 -mfloat-abi=hard -mthumb -o "Src/sysmem.o"
../Src/main.c:22:4: warning: #warning "FPU is not initialized, but the project is compiling for an FPU. Please initialize the FPU before use." [-Wcpp]
   22 |   #warning "FPU is not initialized, but the project is compiling for an FPU. Please initialize the FPU before use."
      |    ^~~~~~~
arm-none-eabi-gcc -o "001HelloWorld_semihosting.elf" @"objects.list"   -mcpu=cortex-m4 -T"/home/ubie/whatever/embedded-learning/embedded-c/basics/example_workspace/001HelloWorld_semihosting/STM32F401RETX_FLASH.ld" --specs=nosys.specs -Wl,-Map="001HelloWorld_semihosting.map" -Wl,--gc-sections -static -specs=rdimon.specs -lc -lrdimon --specs=nano.specs -mfpu=fpv4-sp-d16 -mfloat-abi=hard -mthumb -Wl,--start-group -lc -lm -Wl,--end-group
Finished building target: 001HelloWorld_semihosting.elf
 
arm-none-eabi-size  001HelloWorld_semihosting.elf 
arm-none-eabi-objdump -h -S 001HelloWorld_semihosting.elf  > "001HelloWorld_semihosting.list"
   text	   data	    bss	    dec	    hex	filename
   5996	    100	   2076	   8172	   1fec	001HelloWorld_semihosting.elf
Finished building: default.size.stdout
 
Finished building: 001HelloWorld_semihosting.list
 

06:51:24 Build Finished. 0 errors, 1 warnings. (took 274ms)

