17:55:52 **** Build of configuration Debug for project 003Add ****
make -j4 all 
arm-none-eabi-gcc -mcpu=cortex-m4 -g3 -DDEBUG -c -x assembler-with-cpp -MMD -MP -MF"Startup/startup_stm32f401retx.d" -MT"Startup/startup_stm32f401retx.o" --specs=nano.specs -mfloat-abi=soft -mthumb -o "Startup/startup_stm32f401retx.o" "../Startup/startup_stm32f401retx.s"
arm-none-eabi-gcc "../Src/main.c" -mcpu=cortex-m4 -std=gnu11 -g3 -DDEBUG -DNUCLEO_F401RE -DSTM32 -DSTM32F401RETx -DSTM32F4 -c -I../Inc -O0 -ffunction-sections -fdata-sections -Wall -fstack-usage -fcyclomatic-complexity -MMD -MP -MF"Src/main.d" -MT"Src/main.o" --specs=nano.specs -mfloat-abi=soft -mthumb -o "Src/main.o"
arm-none-eabi-gcc "../Src/syscalls.c" -mcpu=cortex-m4 -std=gnu11 -g3 -DDEBUG -DNUCLEO_F401RE -DSTM32 -DSTM32F401RETx -DSTM32F4 -c -I../Inc -O0 -ffunction-sections -fdata-sections -Wall -fstack-usage -fcyclomatic-complexity -MMD -MP -MF"Src/syscalls.d" -MT"Src/syscalls.o" --specs=nano.specs -mfloat-abi=soft -mthumb -o "Src/syscalls.o"
arm-none-eabi-gcc "../Src/sysmem.c" -mcpu=cortex-m4 -std=gnu11 -g3 -DDEBUG -DNUCLEO_F401RE -DSTM32 -DSTM32F401RETx -DSTM32F4 -c -I../Inc -O0 -ffunction-sections -fdata-sections -Wall -fstack-usage -fcyclomatic-complexity -MMD -MP -MF"Src/sysmem.d" -MT"Src/sysmem.o" --specs=nano.specs -mfloat-abi=soft -mthumb -o "Src/sysmem.o"
arm-none-eabi-gcc -o "003Add.elf" @"objects.list"   -mcpu=cortex-m4 -T"/home/ubie/whatever/embedded-learning/embedded-c/basics/example_workspace/003Add/STM32F401RETX_FLASH.ld" --specs=nosys.specs -Wl,-Map="003Add.map" -Wl,--gc-sections -static --specs=nano.specs -mfloat-abi=soft -mthumb -Wl,--start-group -lc -lm -Wl,--end-group
Finished building target: 003Add.elf
 
arm-none-eabi-size  003Add.elf 
arm-none-eabi-objdump -h -S 003Add.elf  > "003Add.list"
   text	   data	    bss	    dec	    hex	filename
   4856	    100	   1908	   6864	   1ad0	003Add.elf
Finished building: default.size.stdout
 
Finished building: 003Add.list
 
