19:04:12 **** Incremental Build of configuration Debug for project 006led_toggle_bitFields ****
make -j4 all 
arm-none-eabi-gcc "../Src/main.c" -mcpu=cortex-m4 -std=gnu11 -g3 -DDEBUG -DNUCLEO_F401RE -DSTM32 -DSTM32F401RETx -DSTM32F4 -c -I../Inc -O0 -ffunction-sections -fdata-sections -Wall -fstack-usage -fcyclomatic-complexity -MMD -MP -MF"Src/main.d" -MT"Src/main.o" --specs=nano.specs -mfpu=fpv4-sp-d16 -mfloat-abi=hard -mthumb -o "Src/main.o"
../Src/main.c:24:4: warning: #warning "FPU is not initialized, but the project is compiling for an FPU. Please initialize the FPU before use." [-Wcpp]
   24 |   #warning "FPU is not initialized, but the project is compiling for an FPU. Please initialize the FPU before use."
      |    ^~~~~~~
arm-none-eabi-gcc -o "006led_toggle_bitFields.elf" @"objects.list"   -mcpu=cortex-m4 -T"/home/arch/whatever/embedded-systems/embedded-learning/embedded-c/my_workspace/target/006led_toggle_bitFields/STM32F401RETX_FLASH.ld" --specs=nosys.specs -Wl,-Map="006led_toggle_bitFields.map" -Wl,--gc-sections -static --specs=nano.specs -mfpu=fpv4-sp-d16 -mfloat-abi=hard -mthumb -Wl,--start-group -lc -lm -Wl,--end-group
Finished building target: 006led_toggle_bitFields.elf
 
arm-none-eabi-size  006led_toggle_bitFields.elf 
arm-none-eabi-objdump -h -S 006led_toggle_bitFields.elf  > "006led_toggle_bitFields.list"
   text	   data	    bss	    dec	    hex	filename
    776	      0	   1568	   2344	    928	006led_toggle_bitFields.elf
Finished building: default.size.stdout
 
Finished building: 006led_toggle_bitFields.list
 

19:04:12 Build Finished. 0 errors, 1 warnings. (took 221ms)

