21:19:09 **** Incremental Build of configuration Debug for project 007keypad ****
make -j4 all 
arm-none-eabi-gcc "../Src/main.c" -mcpu=cortex-m4 -std=gnu11 -g3 -DDEBUG -DNUCLEO_F401RE -DSTM32 -DSTM32F401RETx -DSTM32F4 -c -I../Inc -O0 -ffunction-sections -fdata-sections -Wall -fstack-usage -fcyclomatic-complexity -MMD -MP -MF"Src/main.d" -MT"Src/main.o" --specs=nano.specs -mfpu=fpv4-sp-d16 -mfloat-abi=hard -mthumb -o "Src/main.o"
../Src/main.c:23:4: warning: #warning "FPU is not initialized, but the project is compiling for an FPU. Please initialize the FPU before use." [-Wcpp]
   23 |   #warning "FPU is not initialized, but the project is compiling for an FPU. Please initialize the FPU before use."
      |    ^~~~~~~
arm-none-eabi-gcc -o "007keypad.elf" @"objects.list"   -mcpu=cortex-m4 -T"/home/arch/whatever/embedded-systems/embedded-learning/embedded-c/my_workspace/target/007keypad/STM32F401RETX_FLASH.ld" --specs=nosys.specs -Wl,-Map="007keypad.map" -Wl,--gc-sections -static --specs=nano.specs -mfpu=fpv4-sp-d16 -mfloat-abi=hard -mthumb -Wl,--start-group -lc -lm -Wl,--end-group
Finished building target: 007keypad.elf
 
arm-none-eabi-size  007keypad.elf 
arm-none-eabi-objdump -h -S 007keypad.elf  > "007keypad.list"
   text	   data	    bss	    dec	    hex	filename
   4068	     92	   1900	   6060	   17ac	007keypad.elf
Finished building: default.size.stdout
 
Finished building: 007keypad.list
 

21:19:10 Build Finished. 0 errors, 1 warnings. (took 228ms)

